
> ta_app@0.1.0 build
> next build

  Ôľ▓ Next.js 14.2.35
  - Environments: .env
  - Experiments (use with caution):
    ┬Ě optimizeCss

   Creating an optimized production build ...
 Ôťô Compiled successfully
   Skipping linting
   Checking validity of types ...
   Collecting page data ...
node.exe : ioredis not installed - Redis caching disabled
At line:1 char:1
+ & "C:\Program Files\nodejs/node.exe" "C:\Program Files\nodejs/node_mo ...
+ ~~~~~~~~~~~~~~~~~~~~~~~~~~~~~~~~~~~~~~~~~~~~~~~~~~~~~~~~~~~~~~~~~~~~~
    + CategoryInfo          : NotSpecified: (ioredis not ins...aching disabled:String) [], RemoteException
    + FullyQualifiedErrorId : NativeCommandError
 
   Generating static pages (0/69) ...
[Reown Config] Failed to fetch remote project configuration. Using local/default values. Error: HTTP status code: 403
    at i (C:\Users\anton\Desktop\ta_project\ta_app\.next\server\chunks\2396.js:1:102027)
    at process.processTicksAndRejections (node:internal/process/task_queues:105:5)
    at async s.get (C:\Users\anton\Desktop\ta_project\ta_app\.next\server\chunks\2396.js:1:102253)
    at async Object.fetchProjectConfig (C:\Users\anton\Desktop\ta_project\ta_app\.next\server\chunks\2396.js:1:33373)
    at async Object.fetchRemoteFeatures 
(C:\Users\anton\Desktop\ta_project\ta_app\.next\server\chunks\2396.js:894:230691)
    at async h7.initialize (C:\Users\anton\Desktop\ta_project\ta_app\.next\server\chunks\2396.js:894:235689) {
  [cause]: Response {
    status: 403,
    statusText: 'Forbidden',
    headers: Headers {
      date: 'Fri, 02 Jan 2026 16:25:01 GMT',
      'content-type': 'text/plain; charset=UTF-8',
      'content-length': '9',
      connection: 'keep-alive',
      'cf-ray': '9b7b9c2b2fc3245e-MRS',
      'access-control-allow-origin': '*',
      'cache-control': 'public, max-age=300, s-maxage=300',
      vary: 'Accept-Encoding',
      server: 'cloudflare',
      'alt-svc': 'h3=":443"; ma=86400'
    },
    body: ReadableStream { locked: false, state: 'readable', supportsBYOB: true },
    bodyUsed: false,
    ok: false,
    redirected: false,
    type: 'default',
    url: 'https://api.web3modal.org/appkit/v1/config?projectId=default-project-id&st=appkit&sv=html-core-1.7.8'
  }
}
[Reown Config] Failed to fetch remote project configuration. Using local/default values. Error: HTTP status code: 403
    at i (C:\Users\anton\Desktop\ta_project\ta_app\.next\server\chunks\2396.js:1:102027)
    at process.processTicksAndRejections (node:internal/process/task_queues:105:5)
    at async s.get (C:\Users\anton\Desktop\ta_project\ta_app\.next\server\chunks\2396.js:1:102253)
    at async Object.fetchProjectConfig (C:\Users\anton\Desktop\ta_project\ta_app\.next\server\chunks\2396.js:1:33373)
    at async Object.fetchRemoteFeatures 
(C:\Users\anton\Desktop\ta_project\ta_app\.next\server\chunks\2396.js:894:230691)
    at async h7.initialize (C:\Users\anton\Desktop\ta_project\ta_app\.next\server\chunks\2396.js:894:235689) {
  [cause]: Response {
    status: 403,
    statusText: 'Forbidden',
    headers: Headers {
      date: 'Fri, 02 Jan 2026 16:25:02 GMT',
      'content-type': 'text/plain; charset=UTF-8',
      'content-length': '9',
      connection: 'keep-alive',
      'cf-ray': '9b7b9c2b89458741-MRS',
      'access-control-allow-origin': '*',
      'cache-control': 'public, max-age=300, s-maxage=300',
      vary: 'Accept-Encoding',
      server: 'cloudflare',
      'alt-svc': 'h3=":443"; ma=86400'
    },
    body: ReadableStream { locked: false, state: 'readable', supportsBYOB: true },
    bodyUsed: false,
    ok: false,
    redirected: false,
    type: 'default',
    url: 'https://api.web3modal.org/appkit/v1/config?projectId=default-project-id&st=appkit&sv=html-core-1.7.8'
  }
}
[Reown Config] Failed to fetch remote project configuration. Using local/default values. Error: HTTP status code: 403
    at i (C:\Users\anton\Desktop\ta_project\ta_app\.next\server\chunks\2396.js:1:102027)
    at process.processTicksAndRejections (node:internal/process/task_queues:105:5)
    at async s.get (C:\Users\anton\Desktop\ta_project\ta_app\.next\server\chunks\2396.js:1:102253)
    at async Object.fetchProjectConfig (C:\Users\anton\Desktop\ta_project\ta_app\.next\server\chunks\2396.js:1:33373)
    at async Object.fetchRemoteFeatures 
(C:\Users\anton\Desktop\ta_project\ta_app\.next\server\chunks\2396.js:894:230691)
    at async h7.initialize (C:\Users\anton\Desktop\ta_project\ta_app\.next\server\chunks\2396.js:894:235689) {
  [cause]: Response {
    status: 403,
    statusText: 'Forbidden',
    headers: Headers {
      date: 'Fri, 02 Jan 2026 16:25:02 GMT',
      'content-type': 'text/plain; charset=UTF-8',
      'content-length': '9',
      connection: 'keep-alive',
      'cf-ray': '9b7b9c2bdcc973cf-MRS',
      'access-control-allow-origin': '*',
      'cache-control': 'public, max-age=300, s-maxage=300',
      vary: 'Accept-Encoding',
      server: 'cloudflare',
      'alt-svc': 'h3=":443"; ma=86400'
    },
    body: ReadableStream { locked: false, state: 'readable', supportsBYOB: true },
    bodyUsed: false,
    ok: false,
    redirected: false,
    type: 'default',
    url: 'https://api.web3modal.org/appkit/v1/config?projectId=default-project-id&st=appkit&sv=html-core-1.7.8'
  }
}
[Reown Config] Failed to fetch remote project configuration. Using local/default values. Error: HTTP status code: 403
    at i (C:\Users\anton\Desktop\ta_project\ta_app\.next\server\chunks\2396.js:1:102027)
    at process.processTicksAndRejections (node:internal/process/task_queues:105:5)
    at async s.get (C:\Users\anton\Desktop\ta_project\ta_app\.next\server\chunks\2396.js:1:102253)
    at async Object.fetchProjectConfig (C:\Users\anton\Desktop\ta_project\ta_app\.next\server\chunks\2396.js:1:33373)
    at async Object.fetchRemoteFeatures 
(C:\Users\anton\Desktop\ta_project\ta_app\.next\server\chunks\2396.js:894:230691)
    at async h7.initialize (C:\Users\anton\Desktop\ta_project\ta_app\.next\server\chunks\2396.js:894:235689) {
  [cause]: Response {
    status: 403,
    statusText: 'Forbidden',
    headers: Headers {
      date: 'Fri, 02 Jan 2026 16:25:02 GMT',
      'content-type': 'text/plain; charset=UTF-8',
      'content-length': '9',
      connection: 'keep-alive',
      'cf-ray': '9b7b9c2c284d5014-MRS',
      'access-control-allow-origin': '*',
      'cache-control': 'public, max-age=300, s-maxage=300',
      vary: 'Accept-Encoding',
      server: 'cloudflare',
      'alt-svc': 'h3=":443"; ma=86400'
    },
    body: ReadableStream { locked: false, state: 'readable', supportsBYOB: true },
    bodyUsed: false,
    ok: false,
    redirected: false,
    type: 'default',
    url: 'https://api.web3modal.org/appkit/v1/config?projectId=default-project-id&st=appkit&sv=html-core-1.7.8'
  }
}
Merging inline stylesheets into a single <style> tag skipped, no inline stylesheets to merge
[Reown Config] Failed to fetch remote project configuration. Using local/default values. Error: HTTP status code: 403
    at i (C:\Users\anton\Desktop\ta_project\ta_app\.next\server\chunks\2396.js:1:102027)
    at process.processTicksAndRejections (node:internal/process/task_queues:105:5)
    at async s.get (C:\Users\anton\Desktop\ta_project\ta_app\.next\server\chunks\2396.js:1:102253)
    at async Object.fetchProjectConfig (C:\Users\anton\Desktop\ta_project\ta_app\.next\server\chunks\2396.js:1:33373)
    at async Object.fetchRemoteFeatures 
(C:\Users\anton\Desktop\ta_project\ta_app\.next\server\chunks\2396.js:894:230691)
    at async h7.initialize (C:\Users\anton\Desktop\ta_project\ta_app\.next\server\chunks\2396.js:894:235689) {
  [cause]: Response {
    status: 403,
    statusText: 'Forbidden',
    headers: Headers {
      date: 'Fri, 02 Jan 2026 16:25:02 GMT',
      'content-type': 'text/plain; charset=UTF-8',
      'content-length': '9',
      connection: 'keep-alive',
      'cf-ray': '9b7b9c2d3b91134e-MRS',
      'access-control-allow-origin': '*',
      'cache-control': 'public, max-age=300, s-maxage=300',
      vary: 'Accept-Encoding',
      server: 'cloudflare',
      'alt-svc': 'h3=":443"; ma=86400'
    },
    body: ReadableStream { locked: false, state: 'readable', supportsBYOB: true },
    bodyUsed: false,
    ok: false,
    redirected: false,
    type: 'default',
    url: 'https://api.web3modal.org/appkit/v1/config?projectId=default-project-id&st=appkit&sv=html-core-1.7.8'
  }
}
[Reown Config] Failed to fetch remote project configuration. Using local/default values. Error: HTTP status code: 403
    at i (C:\Users\anton\Desktop\ta_project\ta_app\.next\server\chunks\2396.js:1:102027)
    at process.processTicksAndRejections (node:internal/process/task_queues:105:5)
    at async s.get (C:\Users\anton\Desktop\ta_project\ta_app\.next\server\chunks\2396.js:1:102253)
    at async Object.fetchProjectConfig (C:\Users\anton\Desktop\ta_project\ta_app\.next\server\chunks\2396.js:1:33373)
    at async Object.fetchRemoteFeatures 
(C:\Users\anton\Desktop\ta_project\ta_app\.next\server\chunks\2396.js:894:230691)
    at async h7.initialize (C:\Users\anton\Desktop\ta_project\ta_app\.next\server\chunks\2396.js:894:235689) {
  [cause]: Response {
    status: 403,
    statusText: 'Forbidden',
    headers: Headers {
      date: 'Fri, 02 Jan 2026 16:25:02 GMT',
      'content-type': 'text/plain; charset=UTF-8',
      'content-length': '9',
      connection: 'keep-alive',
      'cf-ray': '9b7b9c2d3cfce215-MRS',
      'access-control-allow-origin': '*',
      'cache-control': 'public, max-age=300, s-maxage=300',
      vary: 'Accept-Encoding',
      server: 'cloudflare',
      'alt-svc': 'h3=":443"; ma=86400'
    },
    body: ReadableStream { locked: false, state: 'readable', supportsBYOB: true },
    bodyUsed: false,
    ok: false,
    redirected: false,
    type: 'default',
    url: 'https://api.web3modal.org/appkit/v1/config?projectId=default-project-id&st=appkit&sv=html-core-1.7.8'
  }
}
Time 174.1145
[Reown Config] Failed to fetch remote project configuration. Using local/default values. Error: HTTP status code: 403
    at i (C:\Users\anton\Desktop\ta_project\ta_app\.next\server\chunks\2396.js:1:102027)
    at process.processTicksAndRejections (node:internal/process/task_queues:105:5)
    at async s.get (C:\Users\anton\Desktop\ta_project\ta_app\.next\server\chunks\2396.js:1:102253)
    at async Object.fetchProjectConfig (C:\Users\anton\Desktop\ta_project\ta_app\.next\server\chunks\2396.js:1:33373)
    at async Object.fetchRemoteFeatures 
(C:\Users\anton\Desktop\ta_project\ta_app\.next\server\chunks\2396.js:894:230691)
    at async h7.initialize (C:\Users\anton\Desktop\ta_project\ta_app\.next\server\chunks\2396.js:894:235689) {
  [cause]: Response {
    status: 403,
    statusText: 'Forbidden',
    headers: Headers {
      date: 'Fri, 02 Jan 2026 16:25:02 GMT',
      'content-type': 'text/plain; charset=UTF-8',
      'content-length': '9',
      connection: 'keep-alive',
      'cf-ray': '9b7b9c2d3cd93d73-MRS',
      'access-control-allow-origin': '*',
      'cache-control': 'public, max-age=300, s-maxage=300',
      vary: 'Accept-Encoding',
      server: 'cloudflare',
      'alt-svc': 'h3=":443"; ma=86400'
    },
    body: ReadableStream { locked: false, state: 'readable', supportsBYOB: true },
    bodyUsed: false,
    ok: false,
    redirected: false,
    type: 'default',
    url: 'https://api.web3modal.org/appkit/v1/config?projectId=default-project-id&st=appkit&sv=html-core-1.7.8'
  }
}
ioredis not available - caching disabled
Merging inline stylesheets into a single <style> tag skipped, no inline stylesheets to merge
Time 268.5296
   Generating static pages (17/69) 
   Generating static pages (34/69) 
   Generating static pages (51/69) 
 Ôťô Generating static pages (69/69)
   Finalizing page optimization ...
   Collecting build traces ...

Route (app)                            Size     First Load JS
Ôöî ÔŚő /                                  1.39 kB        1.67 MB
Ôöť ÔŚő /_not-found                        189 B          1.67 MB
Ôöť ÔŚő /achievements                      1.71 kB        1.67 MB
Ôöť ÔŚő /admin/governance                  1.85 kB        1.67 MB
Ôöť ÔŚő /admin/research                    2.37 kB        1.67 MB
Ôöť Ăĺ /api/achievements                  0 B                0 B
Ôöť Ăĺ /api/auth/session                  0 B                0 B
Ôöť Ăĺ /api/coach/quick-action            0 B                0 B
Ôöť ÔŚő /api/health                        0 B                0 B
Ôöť ÔŚő /badges                            1.75 kB        1.67 MB
Ôöť ÔŚő /battle-pass                       1.31 kB        1.67 MB
Ôöť ÔŚő /biological-age                    2.35 kB        1.67 MB
Ôöť ÔŚő /biomarkers                        5.87 kB        1.68 MB
Ôöť ÔŚő /camera-analysis                   3.25 kB        1.67 MB
Ôöť ÔŚő /challenges                        1.41 kB        1.67 MB
Ôöť ÔŚő /chef-services                     1.83 kB        1.67 MB
Ôöť ÔŚő /clans                             1.09 kB        1.67 MB
Ôöť ÔŚő /coach                             4.29 kB        1.68 MB
Ôöť ÔŚő /community                         3.19 kB        1.68 MB
Ôöť ÔŚő /community/groups                  2.06 kB        1.67 MB
Ôöť Ăĺ /community/groups/[groupId]        1.68 kB        1.67 MB
Ôöť ÔŚő /daisyui-examples                  2.03 kB        1.67 MB
Ôöť ÔŚő /dashboard                         3.2 kB         1.68 MB
Ôöť ÔŚő /dashboard-example                 1.46 kB        1.67 MB
Ôöť ÔŚő /dashboard/advanced-metrics        1.42 kB        1.67 MB
Ôöť ÔŚő /dashboard/biometrics              1.59 kB        1.67 MB
Ôöť ÔŚő /dashboard/insights                2.17 kB        1.67 MB
Ôöť ÔŚő /desci/cohort                      2.4 kB         1.67 MB
Ôöť ÔŚő /desci/dashboard                   1.54 kB        1.67 MB
Ôöť ÔŚő /events                            1.89 kB        1.67 MB
Ôöť ÔŚő /fasting                           1.42 kB        1.67 MB
Ôöť ÔŚő /food/log                          1.8 kB         1.67 MB
Ôöť ÔŚő /gamification/leaderboards         1.49 kB        1.67 MB
Ôöť ÔŚő /governance                        3.82 kB        1.68 MB
Ôöť ÔŚő /governance/treasury               2.16 kB        1.67 MB
Ôöť ÔŚő /groceries                         1.63 kB        1.67 MB
Ôöť ÔŚő /gronda                            1.1 kB         1.67 MB
Ôöť ÔŚő /habits                            3.05 kB        1.68 MB
Ôöť ÔŚő /health                            1.83 kB        1.67 MB
Ôöť ÔŚő /health-assessment                 2.85 kB        1.67 MB
Ôöť ÔŚő /health-reports                    1.89 kB        1.67 MB
Ôöť ÔŚő /health-score                      2.85 kB        1.67 MB
Ôöť ÔŚő /longevity-plan                    2.29 kB        1.67 MB
Ôöť ÔŚő /marketplace                       3.64 kB        1.68 MB
Ôöť ÔŚő /marketplace/orders                2.16 kB        1.67 MB
Ôöť ÔŚő /marketplace/supplements           1.71 kB        1.67 MB
Ôöť ÔŚő /meals                             1.67 kB        1.67 MB
Ôöť ÔŚő /medical/upload                    2.13 kB        1.67 MB
Ôöť ÔŚő /messages                          1.51 kB        1.67 MB
Ôöť ÔŚő /microbiome                        2.97 kB        1.67 MB
Ôöť ÔŚő /nfts                              1.59 kB        1.67 MB
Ôöť ÔŚő /nutrition                         3.46 kB        1.68 MB
Ôöť ÔŚő /onboarding                        5.34 kB        1.68 MB
Ôöť ÔŚő /proof-of-health                   2.52 kB        1.67 MB
Ôöť ÔŚő /protocols                         1.84 kB        1.67 MB
Ôöť Ăĺ /protocols/[id]                    3.07 kB        1.68 MB
Ôöť ÔŚő /protocols/commitment              1.9 kB         1.67 MB
Ôöť ÔŚő /protocols/create                  1.92 kB        1.67 MB
Ôöť ÔŚő /recipes                           2.22 kB        1.67 MB
Ôöť ÔŚő /recipes/videos                    1.14 kB        1.67 MB
Ôöť ÔŚő /rewards/dividends                 1.74 kB        1.67 MB
Ôöť ÔŚő /settings/data-licensing           2.37 kB        1.67 MB
Ôöť ÔŚő /staking                           2.42 kB        1.67 MB
Ôöť ÔŚő /subscriptions                     1.65 kB        1.67 MB
Ôöť ÔŚő /symptoms                          2.53 kB        1.67 MB
Ôöť ÔŚő /telemedicine                      3.18 kB        1.68 MB
Ôöť ÔŚő /telemedicine/appointments         1.69 kB        1.67 MB
Ôöť ÔŚő /telemedicine/records              2.41 kB        1.67 MB
Ôöť ÔŚő /test-kits                         2.98 kB        1.67 MB
Ôöť ÔŚő /tournaments                       1.46 kB        1.67 MB
Ôöť ÔŚő /wearables                         2.08 kB        1.67 MB
Ôöö ÔŚő /wellness-plan                     2.38 kB        1.67 MB
+ First Load JS shared by all          1.67 MB
  Ôöť chunks/vendor-234d53a10438ffbb.js  1.66 MB
  Ôöö other shared chunks (total)        6.56 kB


ÔŚő  (Static)   prerendered as static content
Ăĺ  (Dynamic)  server-rendered on demand

